---
source: tests/header_snapshot_tests.rs
expression: header
snapshot_kind: text
---
SPM Swift Package
ğŸš€ You can create your Swift Package via the command line ğŸ”¨
v0.4.1
